2026-07-04 20:47:22,098 [WARNING]  * Debugger is active!
2026-07-04 20:47:22,099 [INFO]  * Debugger PIN: 631-326-424
2026-07-04 21:07:15,391 [INFO]  * Detected change in '/app/processor.py', reloading
2026-07-04 21:07:19,457 [WARNING]  * Debugger is active!
2026-07-04 21:07:19,459 [INFO]  * Debugger PIN: 631-326-424
2026-07-04 21:07:33,505 [INFO]  * Detected change in '/app/app.py', reloading
2026-07-04 21:07:34,411 [WARNING]  * Debugger is active!
2026-07-04 21:07:34,412 [INFO]  * Debugger PIN: 631-326-424
2026-07-04 21:08:30,549 [INFO]  * Detected change in '/app/test_logic.py', reloading
2026-07-04 21:08:31,265 [WARNING]  * Debugger is active!
2026-07-04 21:08:31,265 [INFO]  * Debugger PIN: 631-326-424
2026-07-04 21:09:33,288 [INFO] [31m[1mWARNING: This is a development server. Do not use it in a production deployment. Use a production WSGI server instead.[0m
 * Running on all addresses (0.0.0.0)
 * Running on http://127.0.0.1:5005
 * Running on http://192.168.0.2:5005
2026-07-04 21:09:33,288 [INFO] [33mPress CTRL+C to quit[0m
2026-07-04 21:09:33,289 [INFO]  * Restarting with stat
2026-07-04 21:09:34,024 [WARNING]  * Debugger is active!
2026-07-04 21:09:34,024 [INFO]  * Debugger PIN: 631-326-424
2026-07-04 21:09:57,120 [INFO] 127.0.0.1 - - [04/Jul/2026 21:09:57] "GET / HTTP/1.1" 200 -
2026-07-04 21:10:00,662 [INFO] Starting job a235d506-3a83-4a70-a5ca-f5bb1c345255 (Preview: True) for URL: https://www.youtube.com/watch?v=ZzR-K1viIis
2026-07-04 21:10:00,662 [INFO] 127.0.0.1 - - [04/Jul/2026 21:10:00] "POST /submit HTTP/1.1" 200 -
2026-07-04 21:10:01,959 [ERROR] Job a235d506-3a83-4a70-a5ca-f5bb1c345255 failed: ERROR: unable to download video data: HTTP Error 403: Forbidden
Traceback (most recent call last):
  File "/home/jules/.pyenv/versions/3.12.13/lib/python3.12/site-packages/yt_dlp/networking/_urllib.py", line 419, in _send
    res = opener.open(urllib_req, timeout=self._calculate_timeout(request))
          ^^^^^^^^^^^^^^^^^^^^^^^^^^^^^^^^^^^^^^^^^^^^^^^^^^^^^^^^^^^^^^^^^
  File "/home/jules/.pyenv/versions/3.12.13/lib/python3.12/urllib/request.py", line 521, in open
    response = meth(req, response)
               ^^^^^^^^^^^^^^^^^^^
  File "/home/jules/.pyenv/versions/3.12.13/lib/python3.12/urllib/request.py", line 630, in http_response
    response = self.parent.error(
               ^^^^^^^^^^^^^^^^^^
  File "/home/jules/.pyenv/versions/3.12.13/lib/python3.12/urllib/request.py", line 553, in error
    result = self._call_chain(*args)
             ^^^^^^^^^^^^^^^^^^^^^^^
  File "/home/jules/.pyenv/versions/3.12.13/lib/python3.12/urllib/request.py", line 492, in _call_chain
    result = func(*args)
             ^^^^^^^^^^^
  File "/home/jules/.pyenv/versions/3.12.13/lib/python3.12/urllib/request.py", line 745, in http_error_302
    return self.parent.open(new, timeout=req.timeout)
           ^^^^^^^^^^^^^^^^^^^^^^^^^^^^^^^^^^^^^^^^^^
  File "/home/jules/.pyenv/versions/3.12.13/lib/python3.12/urllib/request.py", line 521, in open
    response = meth(req, response)
               ^^^^^^^^^^^^^^^^^^^
  File "/home/jules/.pyenv/versions/3.12.13/lib/python3.12/urllib/request.py", line 630, in http_response
    response = self.parent.error(
               ^^^^^^^^^^^^^^^^^^
  File "/home/jules/.pyenv/versions/3.12.13/lib/python3.12/urllib/request.py", line 559, in error
    return self._call_chain(*args)
           ^^^^^^^^^^^^^^^^^^^^^^^
  File "/home/jules/.pyenv/versions/3.12.13/lib/python3.12/urllib/request.py", line 492, in _call_chain
    result = func(*args)
             ^^^^^^^^^^^
  File "/home/jules/.pyenv/versions/3.12.13/lib/python3.12/urllib/request.py", line 639, in http_error_default
    raise HTTPError(req.full_url, code, msg, hdrs, fp)
urllib.error.HTTPError: HTTP Error 403: Forbidden

The above exception was the direct cause of the following exception:

Traceback (most recent call last):
  File "/home/jules/.pyenv/versions/3.12.13/lib/python3.12/site-packages/yt_dlp/YoutubeDL.py", line 3574, in process_info
    success, real_download = self.dl(temp_filename, info_dict)
                             ^^^^^^^^^^^^^^^^^^^^^^^^^^^^^^^^^
  File "/home/jules/.pyenv/versions/3.12.13/lib/python3.12/site-packages/yt_dlp/YoutubeDL.py", line 3313, in dl
    return fd.download(name, new_info, subtitle)
           ^^^^^^^^^^^^^^^^^^^^^^^^^^^^^^^^^^^^^
  File "/home/jules/.pyenv/versions/3.12.13/lib/python3.12/site-packages/yt_dlp/downloader/common.py", line 480, in download
    ret = self.real_download(filename, info_dict)
          ^^^^^^^^^^^^^^^^^^^^^^^^^^^^^^^^^^^^^^^
  File "/home/jules/.pyenv/versions/3.12.13/lib/python3.12/site-packages/yt_dlp/downloader/http.py", line 362, in real_download
    establish_connection()
  File "/home/jules/.pyenv/versions/3.12.13/lib/python3.12/site-packages/yt_dlp/downloader/http.py", line 119, in establish_connection
    ctx.data = self.ydl.urlopen(request)
               ^^^^^^^^^^^^^^^^^^^^^^^^^
  File "/home/jules/.pyenv/versions/3.12.13/lib/python3.12/site-packages/yt_dlp/YoutubeDL.py", line 4290, in urlopen
    return self._request_director.send(req)
           ^^^^^^^^^^^^^^^^^^^^^^^^^^^^^^^^
  File "/home/jules/.pyenv/versions/3.12.13/lib/python3.12/site-packages/yt_dlp/networking/common.py", line 117, in send
    response = handler.send(request)
               ^^^^^^^^^^^^^^^^^^^^^
  File "/home/jules/.pyenv/versions/3.12.13/lib/python3.12/site-packages/yt_dlp/networking/_helper.py", line 194, in wrapper
    return func(self, *args, **kwargs)
           ^^^^^^^^^^^^^^^^^^^^^^^^^^^
  File "/home/jules/.pyenv/versions/3.12.13/lib/python3.12/site-packages/yt_dlp/networking/common.py", line 359, in send
    return self._send(request)
           ^^^^^^^^^^^^^^^^^^^
  File "/home/jules/.pyenv/versions/3.12.13/lib/python3.12/site-packages/yt_dlp/networking/_urllib.py", line 424, in _send
    raise HTTPError(UrllibResponseAdapter(e.fp), redirect_loop='redirect error' in str(e)) from e
yt_dlp.networking.exceptions.HTTPError: HTTP Error 403: Forbidden

During handling of the above exception, another exception occurred:

Traceback (most recent call last):
  File "/app/app.py", line 37, in run_job
    video_path = download_youtube_video(url, UPLOAD_FOLDER)
                 ^^^^^^^^^^^^^^^^^^^^^^^^^^^^^^^^^^^^^^^^^^
  File "/app/downloader.py", line 25, in download_youtube_video
    info = ydl.extract_info(url, download=True)
           ^^^^^^^^^^^^^^^^^^^^^^^^^^^^^^^^^^^^
  File "/home/jules/.pyenv/versions/3.12.13/lib/python3.12/site-packages/yt_dlp/YoutubeDL.py", line 1715, in extract_info
    return self.__extract_info(url, self.get_info_extractor(key), download, extra_info, process)
           ^^^^^^^^^^^^^^^^^^^^^^^^^^^^^^^^^^^^^^^^^^^^^^^^^^^^^^^^^^^^^^^^^^^^^^^^^^^^^^^^^^^^^
  File "/home/jules/.pyenv/versions/3.12.13/lib/python3.12/site-packages/yt_dlp/YoutubeDL.py", line 1726, in wrapper
    return func(self, *args, **kwargs)
           ^^^^^^^^^^^^^^^^^^^^^^^^^^^
  File "/home/jules/.pyenv/versions/3.12.13/lib/python3.12/site-packages/yt_dlp/YoutubeDL.py", line 1882, in __extract_info
    return self.process_ie_result(ie_result, download, extra_info)
           ^^^^^^^^^^^^^^^^^^^^^^^^^^^^^^^^^^^^^^^^^^^^^^^^^^^^^^^
  File "/home/jules/.pyenv/versions/3.12.13/lib/python3.12/site-packages/yt_dlp/YoutubeDL.py", line 1941, in process_ie_result
    ie_result = self.process_video_result(ie_result, download=download)
                ^^^^^^^^^^^^^^^^^^^^^^^^^^^^^^^^^^^^^^^^^^^^^^^^^^^^^^^
  File "/home/jules/.pyenv/versions/3.12.13/lib/python3.12/site-packages/yt_dlp/YoutubeDL.py", line 3124, in process_video_result
    self.process_info(new_info)
  File "/home/jules/.pyenv/versions/3.12.13/lib/python3.12/site-packages/yt_dlp/YoutubeDL.py", line 190, in wrapper
    return func(self, *args, **kwargs)
           ^^^^^^^^^^^^^^^^^^^^^^^^^^^
  File "/home/jules/.pyenv/versions/3.12.13/lib/python3.12/site-packages/yt_dlp/YoutubeDL.py", line 3583, in process_info
    self.report_error(f'unable to download video data: {err}')
  File "/home/jules/.pyenv/versions/3.12.13/lib/python3.12/site-packages/yt_dlp/YoutubeDL.py", line 1160, in report_error
    self.trouble(f'{self._format_err("ERROR:", self.Styles.ERROR)} {message}', *args, **kwargs)
  File "/home/jules/.pyenv/versions/3.12.13/lib/python3.12/site-packages/yt_dlp/YoutubeDL.py", line 1099, in trouble
    raise DownloadError(message, exc_info)
yt_dlp.utils.DownloadError: ERROR: unable to download video data: HTTP Error 403: Forbidden
2026-07-04 21:10:02,677 [INFO] 127.0.0.1 - - [04/Jul/2026 21:10:02] "GET /status/a235d506-3a83-4a70-a5ca-f5bb1c345255 HTTP/1.1" 200 -
2026-07-04 21:32:51,810 [INFO]  * Detected change in '/app/processor.py', reloading
2026-07-04 21:32:53,837 [INFO]  * Restarting with stat
2026-07-04 21:32:54,887 [WARNING]  * Debugger is active!
2026-07-04 21:32:54,889 [INFO]  * Debugger PIN: 631-326-424
2026-07-04 21:58:19,758 [INFO]  * Detected change in '/app/processor.py', reloading
2026-07-04 21:58:21,395 [INFO]  * Restarting with stat
2026-07-04 21:58:22,725 [WARNING]  * Debugger is active!
2026-07-04 21:58:22,727 [INFO]  * Debugger PIN: 631-326-424
2026-07-05 10:03:25,859 [INFO]  * Detected change in '/app/processor.py', reloading
2026-07-05 10:03:27,192 [INFO]  * Restarting with stat
2026-07-05 10:03:28,587 [WARNING]  * Debugger is active!
2026-07-05 10:03:28,589 [INFO]  * Debugger PIN: 631-326-424
2026-07-05 10:04:03,695 [INFO]  * Detected change in '/app/app.py', reloading
2026-07-05 10:04:03,873 [INFO]  * Restarting with stat
2026-07-05 10:04:04,595 [WARNING]  * Debugger is active!
2026-07-05 10:04:04,596 [INFO]  * Debugger PIN: 631-326-424
2026-07-05 10:34:22,151 [INFO]  * Detected change in '/app/processor.py', reloading
2026-07-05 10:34:23,531 [INFO]  * Restarting with stat
2026-07-05 10:34:26,724 [WARNING]  * Debugger is active!
2026-07-05 10:34:26,726 [INFO]  * Debugger PIN: 631-326-424
2026-07-05 10:34:44,783 [INFO]  * Detected change in '/app/app.py', reloading
2026-07-05 10:34:44,985 [INFO]  * Restarting with stat
2026-07-05 10:34:46,365 [WARNING]  * Debugger is active!
2026-07-05 10:34:46,366 [INFO]  * Debugger PIN: 631-326-424
2026-07-05 10:36:14,552 [INFO] [31m[1mWARNING: This is a development server. Do not use it in a production deployment. Use a production WSGI server instead.[0m
 * Running on all addresses (0.0.0.0)
 * Running on http://127.0.0.1:5005
 * Running on http://192.168.0.2:5005
2026-07-05 10:36:14,552 [INFO] [33mPress CTRL+C to quit[0m
2026-07-05 10:36:14,553 [INFO]  * Restarting with stat
2026-07-05 10:36:15,980 [WARNING]  * Debugger is active!
2026-07-05 10:36:15,980 [INFO]  * Debugger PIN: 631-326-424
2026-07-05 10:36:44,069 [INFO] 127.0.0.1 - - [05/Jul/2026 10:36:44] "GET / HTTP/1.1" 200 -
2026-07-05 10:36:47,591 [INFO] Starting job b3fe437d-d3a7-4d5e-9107-d13bcb611a96 (Preview: True) for URL: https://www.youtube.com/watch?v=ZzR-K1viIis
2026-07-05 10:36:47,591 [INFO] 127.0.0.1 - - [05/Jul/2026 10:36:47] "POST /submit HTTP/1.1" 200 -
2026-07-05 10:36:48,918 [ERROR] Job b3fe437d-d3a7-4d5e-9107-d13bcb611a96 failed: ERROR: unable to download video data: HTTP Error 403: Forbidden
Traceback (most recent call last):
  File "/home/jules/.pyenv/versions/3.12.13/lib/python3.12/site-packages/yt_dlp/networking/_urllib.py", line 419, in _send
    res = opener.open(urllib_req, timeout=self._calculate_timeout(request))
          ^^^^^^^^^^^^^^^^^^^^^^^^^^^^^^^^^^^^^^^^^^^^^^^^^^^^^^^^^^^^^^^^^
  File "/home/jules/.pyenv/versions/3.12.13/lib/python3.12/urllib/request.py", line 521, in open
    response = meth(req, response)
               ^^^^^^^^^^^^^^^^^^^
  File "/home/jules/.pyenv/versions/3.12.13/lib/python3.12/urllib/request.py", line 630, in http_response
    response = self.parent.error(
               ^^^^^^^^^^^^^^^^^^
  File "/home/jules/.pyenv/versions/3.12.13/lib/python3.12/urllib/request.py", line 553, in error
    result = self._call_chain(*args)
             ^^^^^^^^^^^^^^^^^^^^^^^
  File "/home/jules/.pyenv/versions/3.12.13/lib/python3.12/urllib/request.py", line 492, in _call_chain
    result = func(*args)
             ^^^^^^^^^^^
  File "/home/jules/.pyenv/versions/3.12.13/lib/python3.12/urllib/request.py", line 745, in http_error_302
    return self.parent.open(new, timeout=req.timeout)
           ^^^^^^^^^^^^^^^^^^^^^^^^^^^^^^^^^^^^^^^^^^
  File "/home/jules/.pyenv/versions/3.12.13/lib/python3.12/urllib/request.py", line 521, in open
    response = meth(req, response)
               ^^^^^^^^^^^^^^^^^^^
  File "/home/jules/.pyenv/versions/3.12.13/lib/python3.12/urllib/request.py", line 630, in http_response
    response = self.parent.error(
               ^^^^^^^^^^^^^^^^^^
  File "/home/jules/.pyenv/versions/3.12.13/lib/python3.12/urllib/request.py", line 559, in error
    return self._call_chain(*args)
           ^^^^^^^^^^^^^^^^^^^^^^^
  File "/home/jules/.pyenv/versions/3.12.13/lib/python3.12/urllib/request.py", line 492, in _call_chain
    result = func(*args)
             ^^^^^^^^^^^
  File "/home/jules/.pyenv/versions/3.12.13/lib/python3.12/urllib/request.py", line 639, in http_error_default
    raise HTTPError(req.full_url, code, msg, hdrs, fp)
urllib.error.HTTPError: HTTP Error 403: Forbidden

The above exception was the direct cause of the following exception:

Traceback (most recent call last):
  File "/home/jules/.pyenv/versions/3.12.13/lib/python3.12/site-packages/yt_dlp/YoutubeDL.py", line 3574, in process_info
    success, real_download = self.dl(temp_filename, info_dict)
                             ^^^^^^^^^^^^^^^^^^^^^^^^^^^^^^^^^
  File "/home/jules/.pyenv/versions/3.12.13/lib/python3.12/site-packages/yt_dlp/YoutubeDL.py", line 3313, in dl
    return fd.download(name, new_info, subtitle)
           ^^^^^^^^^^^^^^^^^^^^^^^^^^^^^^^^^^^^^
  File "/home/jules/.pyenv/versions/3.12.13/lib/python3.12/site-packages/yt_dlp/downloader/common.py", line 480, in download
    ret = self.real_download(filename, info_dict)
          ^^^^^^^^^^^^^^^^^^^^^^^^^^^^^^^^^^^^^^^
  File "/home/jules/.pyenv/versions/3.12.13/lib/python3.12/site-packages/yt_dlp/downloader/http.py", line 362, in real_download
    establish_connection()
  File "/home/jules/.pyenv/versions/3.12.13/lib/python3.12/site-packages/yt_dlp/downloader/http.py", line 119, in establish_connection
    ctx.data = self.ydl.urlopen(request)
               ^^^^^^^^^^^^^^^^^^^^^^^^^
  File "/home/jules/.pyenv/versions/3.12.13/lib/python3.12/site-packages/yt_dlp/YoutubeDL.py", line 4290, in urlopen
    return self._request_director.send(req)
           ^^^^^^^^^^^^^^^^^^^^^^^^^^^^^^^^
  File "/home/jules/.pyenv/versions/3.12.13/lib/python3.12/site-packages/yt_dlp/networking/common.py", line 117, in send
    response = handler.send(request)
               ^^^^^^^^^^^^^^^^^^^^^
  File "/home/jules/.pyenv/versions/3.12.13/lib/python3.12/site-packages/yt_dlp/networking/_helper.py", line 194, in wrapper
    return func(self, *args, **kwargs)
           ^^^^^^^^^^^^^^^^^^^^^^^^^^^
  File "/home/jules/.pyenv/versions/3.12.13/lib/python3.12/site-packages/yt_dlp/networking/common.py", line 359, in send
    return self._send(request)
           ^^^^^^^^^^^^^^^^^^^
  File "/home/jules/.pyenv/versions/3.12.13/lib/python3.12/site-packages/yt_dlp/networking/_urllib.py", line 424, in _send
    raise HTTPError(UrllibResponseAdapter(e.fp), redirect_loop='redirect error' in str(e)) from e
yt_dlp.networking.exceptions.HTTPError: HTTP Error 403: Forbidden

During handling of the above exception, another exception occurred:

Traceback (most recent call last):
  File "/app/app.py", line 37, in run_job
    video_path = download_youtube_video(url, UPLOAD_FOLDER)
                 ^^^^^^^^^^^^^^^^^^^^^^^^^^^^^^^^^^^^^^^^^^
  File "/app/downloader.py", line 25, in download_youtube_video
    info = ydl.extract_info(url, download=True)
           ^^^^^^^^^^^^^^^^^^^^^^^^^^^^^^^^^^^^
  File "/home/jules/.pyenv/versions/3.12.13/lib/python3.12/site-packages/yt_dlp/YoutubeDL.py", line 1715, in extract_info
    return self.__extract_info(url, self.get_info_extractor(key), download, extra_info, process)
           ^^^^^^^^^^^^^^^^^^^^^^^^^^^^^^^^^^^^^^^^^^^^^^^^^^^^^^^^^^^^^^^^^^^^^^^^^^^^^^^^^^^^^
  File "/home/jules/.pyenv/versions/3.12.13/lib/python3.12/site-packages/yt_dlp/YoutubeDL.py", line 1726, in wrapper
    return func(self, *args, **kwargs)
           ^^^^^^^^^^^^^^^^^^^^^^^^^^^
  File "/home/jules/.pyenv/versions/3.12.13/lib/python3.12/site-packages/yt_dlp/YoutubeDL.py", line 1882, in __extract_info
    return self.process_ie_result(ie_result, download, extra_info)
           ^^^^^^^^^^^^^^^^^^^^^^^^^^^^^^^^^^^^^^^^^^^^^^^^^^^^^^^
  File "/home/jules/.pyenv/versions/3.12.13/lib/python3.12/site-packages/yt_dlp/YoutubeDL.py", line 1941, in process_ie_result
    ie_result = self.process_video_result(ie_result, download=download)
                ^^^^^^^^^^^^^^^^^^^^^^^^^^^^^^^^^^^^^^^^^^^^^^^^^^^^^^^
  File "/home/jules/.pyenv/versions/3.12.13/lib/python3.12/site-packages/yt_dlp/YoutubeDL.py", line 3124, in process_video_result
    self.process_info(new_info)
  File "/home/jules/.pyenv/versions/3.12.13/lib/python3.12/site-packages/yt_dlp/YoutubeDL.py", line 190, in wrapper
    return func(self, *args, **kwargs)
           ^^^^^^^^^^^^^^^^^^^^^^^^^^^
  File "/home/jules/.pyenv/versions/3.12.13/lib/python3.12/site-packages/yt_dlp/YoutubeDL.py", line 3583, in process_info
    self.report_error(f'unable to download video data: {err}')
  File "/home/jules/.pyenv/versions/3.12.13/lib/python3.12/site-packages/yt_dlp/YoutubeDL.py", line 1160, in report_error
    self.trouble(f'{self._format_err("ERROR:", self.Styles.ERROR)} {message}', *args, **kwargs)
  File "/home/jules/.pyenv/versions/3.12.13/lib/python3.12/site-packages/yt_dlp/YoutubeDL.py", line 1099, in trouble
    raise DownloadError(message, exc_info)
yt_dlp.utils.DownloadError: ERROR: unable to download video data: HTTP Error 403: Forbidden
2026-07-05 10:36:49,602 [INFO] 127.0.0.1 - - [05/Jul/2026 10:36:49] "GET /status/b3fe437d-d3a7-4d5e-9107-d13bcb611a96 HTTP/1.1" 200 -
2026-07-05 10:47:47,363 [INFO]  * Detected change in '/app/processor.py', reloading
2026-07-05 10:47:48,082 [INFO]  * Restarting with stat
2026-07-05 10:47:49,610 [WARNING]  * Debugger is active!
2026-07-05 10:47:49,611 [INFO]  * Debugger PIN: 631-326-424
2026-07-05 10:48:01,660 [INFO]  * Detected change in '/app/processor.py', reloading
2026-07-05 10:48:01,908 [INFO]  * Restarting with stat
2026-07-05 10:48:03,310 [WARNING]  * Debugger is active!
2026-07-05 10:48:03,310 [INFO]  * Debugger PIN: 631-326-424
2026-07-05 10:48:16,351 [INFO]  * Detected change in '/app/app.py', reloading
2026-07-05 10:48:16,579 [INFO]  * Restarting with stat
2026-07-05 10:48:17,941 [WARNING]  * Debugger is active!
2026-07-05 10:48:17,942 [INFO]  * Debugger PIN: 631-326-424
2026-07-05 10:49:32,213 [INFO] [31m[1mWARNING: This is a development server. Do not use it in a production deployment. Use a production WSGI server instead.[0m
 * Running on all addresses (0.0.0.0)
 * Running on http://127.0.0.1:5005
 * Running on http://192.168.0.2:5005
2026-07-05 10:49:32,213 [INFO] [33mPress CTRL+C to quit[0m
2026-07-05 10:49:32,214 [INFO]  * Restarting with stat
2026-07-05 10:49:33,641 [WARNING]  * Debugger is active!
2026-07-05 10:49:33,642 [INFO]  * Debugger PIN: 631-326-424
2026-07-05 10:50:02,729 [INFO] 127.0.0.1 - - [05/Jul/2026 10:50:02] "GET / HTTP/1.1" 200 -
2026-07-05 10:53:54,614 [INFO] [31m[1mWARNING: This is a development server. Do not use it in a production deployment. Use a production WSGI server instead.[0m
 * Running on all addresses (0.0.0.0)
 * Running on http://127.0.0.1:5005
 * Running on http://192.168.0.2:5005
2026-07-05 10:53:54,614 [INFO] [33mPress CTRL+C to quit[0m
2026-07-05 10:53:54,615 [INFO]  * Restarting with stat
2026-07-05 10:53:56,339 [WARNING]  * Debugger is active!
2026-07-05 10:53:56,340 [INFO]  * Debugger PIN: 631-326-424
2026-07-05 10:54:37,356 [INFO] 127.0.0.1 - - [05/Jul/2026 10:54:37] "GET / HTTP/1.1" 200 -
2026-07-05 10:55:08,813 [INFO] 127.0.0.1 - - [05/Jul/2026 10:55:08] "GET / HTTP/1.1" 200 -
2026-07-05 10:55:37,639 [INFO]  * Detected change in '/app/processor.py', reloading
2026-07-05 10:55:37,868 [INFO]  * Restarting with stat
2026-07-05 10:55:39,190 [WARNING]  * Debugger is active!
2026-07-05 10:55:39,191 [INFO]  * Debugger PIN: 631-326-424
2026-07-05 10:55:42,612 [INFO] [31m[1mWARNING: This is a development server. Do not use it in a production deployment. Use a production WSGI server instead.[0m
 * Running on all addresses (0.0.0.0)
 * Running on http://127.0.0.1:5005
 * Running on http://192.168.0.2:5005
2026-07-05 10:55:42,612 [INFO] [33mPress CTRL+C to quit[0m
2026-07-05 10:55:42,613 [INFO]  * Restarting with stat
2026-07-05 10:55:43,961 [WARNING]  * Debugger is active!
2026-07-05 10:55:43,962 [INFO]  * Debugger PIN: 631-326-424
2026-07-05 10:55:47,252 [INFO] 127.0.0.1 - - [05/Jul/2026 10:55:47] "GET / HTTP/1.1" 200 -
2026-07-05 10:56:16,054 [INFO]  * Detected change in '/app/processor.py', reloading
2026-07-05 10:56:16,245 [INFO]  * Restarting with stat
2026-07-05 10:56:17,644 [WARNING]  * Debugger is active!
2026-07-05 10:56:17,645 [INFO]  * Debugger PIN: 631-326-424
